// Jest Snapshot v1, https://goo.gl/fbAQLP

exports[`routing.vue match snapshot 1`] = `
<div
  class="container layout column"
>
  <div
    class="layout row"
  >
    <div
      class="flex xs6"
    >
      <h3>
        Nuxt Routing
      </h3>
      With Nuxt the routing table is automatically built automatically from the pages directory.
      Parameters are done via convetion of directory to be the route name and the parameter as the filename.
    
    </div>
     
    <div
      class="flex pl-3 xs6"
    >
      <h4>
        Using Nuxt Routing
      </h4>
       
      <div
        id="app"
      >
        <div
          class="prism-editor-wrapper my-editor one-liner"
        >
          <div
            class="prism-editor__container"
          >
            <textarea
              autocapitalize="off"
              autocomplete="off"
              autocorrect="off"
              class="prism-editor__textarea"
              data-gramm="false"
              data-testid="textarea"
              placeholder=""
              spellcheck="false"
            />
            <pre
              class="prism-editor__editor"
              data-testid="preview"
            >
              routing1
              <br />
            </pre>
          </div>
        </div>
      </div>
    </div>
  </div>
   
  <div
    class="layout pt-3 row"
  >
    <div
      class="flex xs6"
    >
      <h3>
        Vue JS - Example routing
      </h3>
       
      <p>
        The Basic routing table
      </p>
       
      <div
        id="app"
      >
        <div
          class="prism-editor-wrapper my-editor"
        >
          <div
            class="prism-editor__container"
          >
            <textarea
              autocapitalize="off"
              autocomplete="off"
              autocorrect="off"
              class="prism-editor__textarea"
              data-gramm="false"
              data-testid="textarea"
              placeholder=""
              spellcheck="false"
            />
            <pre
              class="prism-editor__editor"
              data-testid="preview"
            >
              routing2
              <br />
            </pre>
          </div>
        </div>
      </div>
    </div>
     
    <div
      class="flex pl-3 xs6"
    >
      <h4>
        Using the Routing
      </h4>
       
      <p>
        simply use the href or alternatively in the code use:
      </p>
       
      <div
        id="app"
      >
        <div
          class="prism-editor-wrapper my-editor one-liner"
        >
          <div
            class="prism-editor__container"
          >
            <textarea
              autocapitalize="off"
              autocomplete="off"
              autocorrect="off"
              class="prism-editor__textarea"
              data-gramm="false"
              data-testid="textarea"
              placeholder=""
              spellcheck="false"
            />
            <pre
              class="prism-editor__editor"
              data-testid="preview"
            >
              routing3
              <br />
            </pre>
          </div>
        </div>
      </div>
    </div>
  </div>
</div>
`;
